King@King-PC MINGW64 /f/GitRepo/music
$ pwd
/f/GitRepo/music

King@King-PC MINGW64 /f/GitRepo/music  
$ git init
Initialized empty Git repository in F:/GitRepo/music/.git/

King@King-PC MINGW64 /f/GitRepo/music (master)
$ git add readme.txt

King@King-PC MINGW64 /f/GitRepo/music (master)
$ git commit -m "添加一个readme文件"
[master (root-commit) 5886137] 添加一个readme文件
 1 file changed, 12 insertions(+)
 create mode 100644 readme.txt

King@King-PC MINGW64 /f/GitRepo/music (master)
$ git status
On branch master
nothing to commit, working directory clean

King@King-PC MINGW64 /f/GitRepo/music (master)

##在github上创建一个music源目录

King@King-PC MINGW64 /f/GitRepo/music (master)
$ git remote add origin git@github.com:maroonstrawhat/music.git

King@King-PC MINGW64 /f/GitRepo/music (master)
$ git add -A

King@King-PC MINGW64 /f/GitRepo/music (master)
$ git commit -m "第一次提交music工程"
On branch master
nothing to commit, working directory clean

King@King-PC MINGW64 /f/GitRepo/music (master)
$ git push -u origin master
Counting objects: 3, done.
Delta compression using up to 4 threads.
Compressing objects: 100% (2/2), done.
Writing objects: 100% (3/3), 568 bytes | 0 bytes/s, done.
Total 3 (delta 0), reused 0 (delta 0)
To git@github.com:maroonstrawhat/music.git
 * [new branch]      master -> master
Branch master set up to track remote branch master from origin.

King@King-PC MINGW64 /f/GitRepo/music (master)
$

-- 重复提交某一文件
git add -A
git commit -m ""
git push origin master

总结：
·  git add -A  提交所有变化
·  git add -u  提交被修改(modified)和被删除(deleted)文件，不包括新文件(new)
·  git add .  提交新文件(new)和被修改(modified)文件，不包括被删除(deleted)文件
